---
source: natrix/src/css/selectors.rs
expression: TagDiv.after()
---
div::after
