---
source: natrix/src/css/selectors.rs
expression: BTN
---
.btn
