---
source: natrix/src/css/selectors.rs
expression: TagDiv.subsequent_sibling(BTN)
---
div~.btn
