---
source: natrix/src/css/selectors.rs
expression: "TagDiv.and(PseudoClassNested::Has(BTN))"
---
div:has(.btn)
