---
source: natrix/src/css/selectors.rs
expression: TagDiv.child(BTN)
---
div>.btn
