---
source: crates/natrix/src/css/selectors.rs
expression: TagDiv.and(BTN).descendant(BTN)
---
div.btn .btn
