---
source: crates/natrix/src/css/mod.rs
expression: css
---
#\92 {}
