---
source: natrix/src/css/values.rs
expression: "Color::hsl(240, 100, 50).to_css()"
---
hsl(240 100 50/1)
