---
source: crates/natrix/src/css/selectors.rs
expression: "TagDiv.and(PseudoClassNested::Has(BTN))"
---
div:has(.\62 \74 \6e )
