---
source: crates/natrix/src/css/selectors.rs
expression: "TagDiv.descendant(PseudoClass::Hover)"
---
div :hover
