---
source: natrix/src/css/values.rs
expression: "Color::oklch_a(0.5, 0.1, 0.5, 0.5).to_css()"
---
oklch(0.5 0.1 0.5/0.5)
