---
source: crates/natrix/src/css/selectors.rs
expression: BTN
---
.\62 \74 \6e
