---
source: natrix/src/css/selectors.rs
expression: TagDiv.and(PROFILE)
---
div#profile
