---
source: crates/natrix/src/css/selectors.rs
expression: PROFILE.after()
---
#\70 \72 \6f \66 \69 \6c \65 ::after
