---
source: natrix/src/css/values.rs
expression: "Color::oklch(0.9, 0.05, 0.2).to_css()"
---
oklch(0.9 0.05 0.2/1)
