---
source: natrix/src/css/values.rs
expression: "Color::oklch(0.5, 0.1, 0.5).to_css()"
---
oklch(0.5 0.1 0.5/1)
