---
source: crates/natrix/src/css/selectors.rs
expression: "TagDiv.and(PseudoClass::NthChild(NthArgument::new(2, 3).of(BTN)))"
---
div:nth-child(2n+3 of .\62 \74 \6e )
