---
source: natrix/src/css/selectors.rs
expression: TagDiv.next_sibling(BTN)
---
div+.btn
