---
source: crates/natrix/src/css/selectors.rs
expression: "TagDiv.and(PseudoClassNested::Has(selector_list![BTN, TagDiv]))"
---
div:has(.\62 \74 \6e ,div)
