---
source: crates/natrix/src/css/mod.rs
expression: result
---
@keyframes EMrGP53g2gh-bMRlsaQsDxHZFRE {0%, {align-content:normal;}100%, {align-content:normal;}}.btn>.btn{align-content:flex-start;}.btn+.btn{align-content:first baseline;}.btn{align-content:start;}
