---
source: crates/natrix/src/css/selectors.rs
expression: TagDiv.child(BTN)
---
div>.\62 \74 \6e
