---
source: natrix/src/css/values.rs
expression: "Color::rgb(0, 255, 0).to_css()"
---
rgb(0 255 0/1)
