---
source: crates/natrix/src/css/selectors.rs
expression: TagDiv.and(BTN)
---
div.\62 \74 \6e
