---
source: natrix/src/css/selectors.rs
expression: TagDiv.descendant(TagDiv).descendant(TagDiv)
---
div>div>div
