---
source: crates/natrix/src/css/mod.rs
expression: result
---
.btn>.btn{align-content:flex-start;}.btn+.btn{align-content:first baseline;}.btn{align-content:start;}
