---
source: crates/natrix/src/css/selectors.rs
expression: TagDiv.subsequent_sibling(BTN)
---
div~.\62 \74 \6e
