---
source: crates/natrix/src/css/values/colors.rs
expression: "Color::rgba(0, 0, 255, 1.0).to_css()"
---
rgb(0 0 255/1)
