---
source: crates/natrix/src/css/values/colors.rs
expression: "Color::rgb(0, 0, 255).to_css()"
---
rgb(0 0 255/1)
