---
source: crates/natrix/src/css/values/colors.rs
expression: "Color::rgba(0, 255, 0, 0.0).to_css()"
---
rgb(0 255 0/0)
