---
source: crates/natrix/src/css/values/colors.rs
expression: "Color::rgb(255, 255, 255).to_css()"
---
rgb(255 255 255/1)
