---
source: crates/natrix/src/css/values/colors.rs
expression: "Color::hsla(120, 100, 50, 0.0).to_css()"
---
hsl(120 100 50/0)
