---
source: crates/natrix/src/css/values/colors.rs
expression: "Color::rgb(255, 0, 0).to_css()"
---
rgb(255 0 0/1)
